exports[`Map Rendered 1`] = `
ShallowWrapper {
  "complexSelector": ComplexSelector {
    "buildPredicate": [Function],
    "childrenOfNode": [Function],
    "findWhereUnwrapped": [Function],
  },
  "length": 1,
  "node": <styled.section>
    <GoogleMap
        bootstrapURLKeys={
            Object {
                "key": "AIzaSyAlz0vyHR7mYhlgdyylOcpFXi_nwsPaZCU",
                "language": "ru",
              }
        }
        center={
            Object {
                "lat": 299,
                "lng": 300,
              }
        }
        debounced={true}
        defaultCenter={
            Object {
                "lat": 56.84,
                "lng": 60.57,
              }
        }
        defaultZoom={18}
        distanceToMouse={[Function]}
        googleMapLoader={[Function]}
        hoverDistance={30}
        layerTypes={Array []}
        onChildClick={[Function]}
        onClick={[Function]}
        options={
            Object {
                "styles": Array [
                  Object {
                    "elementType": "geometry",
                    "featureType": "road",
                    "stylers": Array [
                      Object {
                        "color": "#795548",
                      },
                      Object {
                        "visibility": "simplified",
                      },
                    ],
                  },
                  Object {
                    "elementType": "labels",
                    "featureType": "road",
                    "stylers": Array [
                      Object {
                        "color": "#ECEFF1",
                      },
                      Object {
                        "visibility": "simplified",
                      },
                    ],
                  },
                  Object {
                    "featureType": "administrative",
                    "stylers": Array [
                      Object {
                        "visibility": "simplified",
                      },
                    ],
                  },
                  Object {
                    "featureType": "poi",
                    "stylers": Array [
                      Object {
                        "visibility": "simplified",
                      },
                    ],
                  },
                  Object {
                    "featureType": "transit",
                    "stylers": Array [
                      Object {
                        "visibility": "simplified",
                      },
                    ],
                  },
                ],
              }
        }
        style={
            Object {
                "height": "100%",
                "margin": 0,
                "padding": 0,
                "position": "relative",
                "width": "100%",
              }
        }
        yesIWantToUseGoogleMapApiInternals={false}>
        
    </GoogleMap>
</styled.section>,
  "nodes": Array [
    <styled.section>
      <GoogleMap
            bootstrapURLKeys={
                  Object {
                        "key": "AIzaSyAlz0vyHR7mYhlgdyylOcpFXi_nwsPaZCU",
                        "language": "ru",
                      }
            }
            center={
                  Object {
                        "lat": 299,
                        "lng": 300,
                      }
            }
            debounced={true}
            defaultCenter={
                  Object {
                        "lat": 56.84,
                        "lng": 60.57,
                      }
            }
            defaultZoom={18}
            distanceToMouse={[Function]}
            googleMapLoader={[Function]}
            hoverDistance={30}
            layerTypes={Array []}
            onChildClick={[Function]}
            onClick={[Function]}
            options={
                  Object {
                        "styles": Array [
                          Object {
                            "elementType": "geometry",
                            "featureType": "road",
                            "stylers": Array [
                              Object {
                                "color": "#795548",
                              },
                              Object {
                                "visibility": "simplified",
                              },
                            ],
                          },
                          Object {
                            "elementType": "labels",
                            "featureType": "road",
                            "stylers": Array [
                              Object {
                                "color": "#ECEFF1",
                              },
                              Object {
                                "visibility": "simplified",
                              },
                            ],
                          },
                          Object {
                            "featureType": "administrative",
                            "stylers": Array [
                              Object {
                                "visibility": "simplified",
                              },
                            ],
                          },
                          Object {
                            "featureType": "poi",
                            "stylers": Array [
                              Object {
                                "visibility": "simplified",
                              },
                            ],
                          },
                          Object {
                            "featureType": "transit",
                            "stylers": Array [
                              Object {
                                "visibility": "simplified",
                              },
                            ],
                          },
                        ],
                      }
            }
            style={
                  Object {
                        "height": "100%",
                        "margin": 0,
                        "padding": 0,
                        "position": "relative",
                        "width": "100%",
                      }
            }
            yesIWantToUseGoogleMapApiInternals={false}>
            
      </GoogleMap>
</styled.section>,
  ],
  "options": Object {},
  "renderer": ReactShallowRenderer {
    "_instance": ShallowComponentWrapper {
      "_calledComponentWillUnmount": false,
      "_compositeType": 1,
      "_context": Object {},
      "_currentElement": <Map
        apiSettings={
                Object {
                        "key": "AIzaSyAlz0vyHR7mYhlgdyylOcpFXi_nwsPaZCU",
                        "lang": "ru",
                      }
        }
        currentMarkerPayload={
                Object {
                        "coords": Object {
                          "lat": 299,
                          "lng": 300,
                        },
                        "markerIndex": 1,
                      }
        }
        defaultSettings={
                Object {
                        "center": Object {
                          "lat": 56.84,
                          "lng": 60.57,
                        },
                        "zoom": 18,
                      }
        }
        options={
                Object {
                        "styles": Array [
                          Object {
                            "elementType": "geometry",
                            "featureType": "road",
                            "stylers": Array [
                              Object {
                                "color": "#795548",
                              },
                              Object {
                                "visibility": "simplified",
                              },
                            ],
                          },
                          Object {
                            "elementType": "labels",
                            "featureType": "road",
                            "stylers": Array [
                              Object {
                                "color": "#ECEFF1",
                              },
                              Object {
                                "visibility": "simplified",
                              },
                            ],
                          },
                          Object {
                            "featureType": "administrative",
                            "stylers": Array [
                              Object {
                                "visibility": "simplified",
                              },
                            ],
                          },
                          Object {
                            "featureType": "poi",
                            "stylers": Array [
                              Object {
                                "visibility": "simplified",
                              },
                            ],
                          },
                          Object {
                            "featureType": "transit",
                            "stylers": Array [
                              Object {
                                "visibility": "simplified",
                              },
                            ],
                          },
                        ],
                      }
        }
        store={
                Object {
                        "dispatch": [Function],
                        "getState": [Function],
                        "replaceReducer": [Function],
                        "subscribe": [Function],
                        Symbol(observable): [Function],
                      }
        } />,
      "_debugID": 1,
      "_hostContainerInfo": null,
      "_hostParent": null,
      "_instance": Map {
        "_reactInternalInstance": [Circular],
        "context": Object {},
        "props": Object {
          "apiSettings": Object {
            "key": "AIzaSyAlz0vyHR7mYhlgdyylOcpFXi_nwsPaZCU",
            "lang": "ru",
          },
          "currentMarkerPayload": Object {
            "coords": Object {
              "lat": 299,
              "lng": 300,
            },
            "markerIndex": 1,
          },
          "defaultSettings": Object {
            "center": Object {
              "lat": 56.84,
              "lng": 60.57,
            },
            "zoom": 18,
          },
          "options": Object {
            "styles": Array [
              Object {
                "elementType": "geometry",
                "featureType": "road",
                "stylers": Array [
                  Object {
                    "color": "#795548",
                  },
                  Object {
                    "visibility": "simplified",
                  },
                ],
              },
              Object {
                "elementType": "labels",
                "featureType": "road",
                "stylers": Array [
                  Object {
                    "color": "#ECEFF1",
                  },
                  Object {
                    "visibility": "simplified",
                  },
                ],
              },
              Object {
                "featureType": "administrative",
                "stylers": Array [
                  Object {
                    "visibility": "simplified",
                  },
                ],
              },
              Object {
                "featureType": "poi",
                "stylers": Array [
                  Object {
                    "visibility": "simplified",
                  },
                ],
              },
              Object {
                "featureType": "transit",
                "stylers": Array [
                  Object {
                    "visibility": "simplified",
                  },
                ],
              },
            ],
          },
          "store": Object {
            "dispatch": [Function],
            "getState": [Function],
            "replaceReducer": [Function],
            "subscribe": [Function],
            Symbol(observable): [Function],
          },
        },
        "refs": Object {},
        "state": Object {
          "markerInit": false,
        },
        "updater": Object {
          "enqueueCallback": [Function],
          "enqueueCallbackInternal": [Function],
          "enqueueElementInternal": [Function],
          "enqueueForceUpdate": [Function],
          "enqueueReplaceState": [Function],
          "enqueueSetState": [Function],
          "isMounted": [Function],
          "validateCallback": [Function],
        },
      },
      "_mountOrder": 1,
      "_pendingCallbacks": null,
      "_pendingElement": null,
      "_pendingForceUpdate": false,
      "_pendingReplaceState": false,
      "_pendingStateQueue": null,
      "_renderedComponent": NoopInternalComponent {
        "_currentElement": <styled.section>
          <GoogleMap
                    bootstrapURLKeys={
                              Object {
                                        "key": "AIzaSyAlz0vyHR7mYhlgdyylOcpFXi_nwsPaZCU",
                                        "language": "ru",
                                      }
                    }
                    center={
                              Object {
                                        "lat": 299,
                                        "lng": 300,
                                      }
                    }
                    debounced={true}
                    defaultCenter={
                              Object {
                                        "lat": 56.84,
                                        "lng": 60.57,
                                      }
                    }
                    defaultZoom={18}
                    distanceToMouse={[Function]}
                    googleMapLoader={[Function]}
                    hoverDistance={30}
                    layerTypes={Array []}
                    onChildClick={[Function]}
                    onClick={[Function]}
                    options={
                              Object {
                                        "styles": Array [
                                          Object {
                                            "elementType": "geometry",
                                            "featureType": "road",
                                            "stylers": Array [
                                              Object {
                                                "color": "#795548",
                                              },
                                              Object {
                                                "visibility": "simplified",
                                              },
                                            ],
                                          },
                                          Object {
                                            "elementType": "labels",
                                            "featureType": "road",
                                            "stylers": Array [
                                              Object {
                                                "color": "#ECEFF1",
                                              },
                                              Object {
                                                "visibility": "simplified",
                                              },
                                            ],
                                          },
                                          Object {
                                            "featureType": "administrative",
                                            "stylers": Array [
                                              Object {
                                                "visibility": "simplified",
                                              },
                                            ],
                                          },
                                          Object {
                                            "featureType": "poi",
                                            "stylers": Array [
                                              Object {
                                                "visibility": "simplified",
                                              },
                                            ],
                                          },
                                          Object {
                                            "featureType": "transit",
                                            "stylers": Array [
                                              Object {
                                                "visibility": "simplified",
                                              },
                                            ],
                                          },
                                        ],
                                      }
                    }
                    style={
                              Object {
                                        "height": "100%",
                                        "margin": 0,
                                        "padding": 0,
                                        "position": "relative",
                                        "width": "100%",
                                      }
                    }
                    yesIWantToUseGoogleMapApiInternals={false}>
                    
          </GoogleMap>
</styled.section>,
        "_debugID": 2,
        "_renderedOutput": <styled.section>
          <GoogleMap
                    bootstrapURLKeys={
                              Object {
                                        "key": "AIzaSyAlz0vyHR7mYhlgdyylOcpFXi_nwsPaZCU",
                                        "language": "ru",
                                      }
                    }
                    center={
                              Object {
                                        "lat": 299,
                                        "lng": 300,
                                      }
                    }
                    debounced={true}
                    defaultCenter={
                              Object {
                                        "lat": 56.84,
                                        "lng": 60.57,
                                      }
                    }
                    defaultZoom={18}
                    distanceToMouse={[Function]}
                    googleMapLoader={[Function]}
                    hoverDistance={30}
                    layerTypes={Array []}
                    onChildClick={[Function]}
                    onClick={[Function]}
                    options={
                              Object {
                                        "styles": Array [
                                          Object {
                                            "elementType": "geometry",
                                            "featureType": "road",
                                            "stylers": Array [
                                              Object {
                                                "color": "#795548",
                                              },
                                              Object {
                                                "visibility": "simplified",
                                              },
                                            ],
                                          },
                                          Object {
                                            "elementType": "labels",
                                            "featureType": "road",
                                            "stylers": Array [
                                              Object {
                                                "color": "#ECEFF1",
                                              },
                                              Object {
                                                "visibility": "simplified",
                                              },
                                            ],
                                          },
                                          Object {
                                            "featureType": "administrative",
                                            "stylers": Array [
                                              Object {
                                                "visibility": "simplified",
                                              },
                                            ],
                                          },
                                          Object {
                                            "featureType": "poi",
                                            "stylers": Array [
                                              Object {
                                                "visibility": "simplified",
                                              },
                                            ],
                                          },
                                          Object {
                                            "featureType": "transit",
                                            "stylers": Array [
                                              Object {
                                                "visibility": "simplified",
                                              },
                                            ],
                                          },
                                        ],
                                      }
                    }
                    style={
                              Object {
                                        "height": "100%",
                                        "margin": 0,
                                        "padding": 0,
                                        "position": "relative",
                                        "width": "100%",
                                      }
                    }
                    yesIWantToUseGoogleMapApiInternals={false}>
                    
          </GoogleMap>
</styled.section>,
      },
      "_renderedNodeType": 1,
      "_rootNodeID": 0,
      "_topLevelWrapper": null,
      "_updateBatchNumber": null,
      "_warnedAboutRefsInRender": false,
    },
    "getRenderOutput": [Function],
    "render": [Function],
  },
  "root": [Circular],
  "unrendered": <Map
    apiSettings={
        Object {
            "key": "AIzaSyAlz0vyHR7mYhlgdyylOcpFXi_nwsPaZCU",
            "lang": "ru",
          }
    }
    currentMarkerPayload={
        Object {
            "coords": Object {
              "lat": 299,
              "lng": 300,
            },
            "markerIndex": 1,
          }
    }
    defaultSettings={
        Object {
            "center": Object {
              "lat": 56.84,
              "lng": 60.57,
            },
            "zoom": 18,
          }
    }
    options={
        Object {
            "styles": Array [
              Object {
                "elementType": "geometry",
                "featureType": "road",
                "stylers": Array [
                  Object {
                    "color": "#795548",
                  },
                  Object {
                    "visibility": "simplified",
                  },
                ],
              },
              Object {
                "elementType": "labels",
                "featureType": "road",
                "stylers": Array [
                  Object {
                    "color": "#ECEFF1",
                  },
                  Object {
                    "visibility": "simplified",
                  },
                ],
              },
              Object {
                "featureType": "administrative",
                "stylers": Array [
                  Object {
                    "visibility": "simplified",
                  },
                ],
              },
              Object {
                "featureType": "poi",
                "stylers": Array [
                  Object {
                    "visibility": "simplified",
                  },
                ],
              },
              Object {
                "featureType": "transit",
                "stylers": Array [
                  Object {
                    "visibility": "simplified",
                  },
                ],
              },
            ],
          }
    }
    store={
        Object {
            "dispatch": [Function],
            "getState": [Function],
            "replaceReducer": [Function],
            "subscribe": [Function],
            Symbol(observable): [Function],
          }
    } />,
}
`;
